C:\Users\frdmk64f_lwip_mqtt_freertos_practica_2\CMSIS/core_cm4.h:1679:22:__NVIC_EnableIRQ	16	static
C:\Users\frdmk64f_lwip_mqtt_freertos_practica_2\drivers/fsl_common_arm.h:499:24:EnableIRQ	24	static
C:\Users\frdmk64f_lwip_mqtt_freertos_practica_2\drivers/fsl_gpio.h:221:20:GPIO_PortToggle	16	static
C:\Users\frdmk64f_lwip_mqtt_freertos_practica_2\drivers/fsl_port.h:443:20:PORT_SetPinInterruptConfig	24	static
../source/dog_feeder.c:149:6:PORTA_IRQHandler	8	static
../source/dog_feeder.c:159:13:init_button_and_led	16	static
../source/dog_feeder.c:188:13:mqtt_topic_subscribed_cb	24	static
../source/dog_feeder.c:205:13:mqtt_incoming_publish_cb	24	static
../source/dog_feeder.c:215:13:mqtt_incoming_data_cb	32	static
../source/dog_feeder.c:242:13:mqtt_subscribe_topics	72	static
../source/dog_feeder.c:265:13:mqtt_connection_cb	32	static
../source/dog_feeder.c:311:13:connect_to_mqtt	24	static
../source/dog_feeder.c:324:13:mqtt_message_published_cb	24	static
../source/dog_feeder.c:341:13:publish_count	120	static
../source/dog_feeder.c:358:13:app_thread	32	static
../source/dog_feeder.c:450:13:generate_client_id	32	static
../source/dog_feeder.c:472:13:stack_init	56	static
../source/dog_feeder.c:525:5:main	24	static
