C:\Users\frdmk64f_lwip_mqtt_freertos_practica_2\CMSIS/core_cm4.h:1679:22:__NVIC_EnableIRQ	16	static
C:\Users\frdmk64f_lwip_mqtt_freertos_practica_2\drivers/fsl_common_arm.h:499:24:EnableIRQ	24	static
C:\Users\frdmk64f_lwip_mqtt_freertos_practica_2\drivers/fsl_gpio.h:162:20:GPIO_PinWrite	24	static
C:\Users\frdmk64f_lwip_mqtt_freertos_practica_2\drivers/fsl_gpio.h:191:20:GPIO_PortSet	16	static
C:\Users\frdmk64f_lwip_mqtt_freertos_practica_2\drivers/fsl_gpio.h:206:20:GPIO_PortClear	16	static
C:\Users\frdmk64f_lwip_mqtt_freertos_practica_2\drivers/fsl_port.h:443:20:PORT_SetPinInterruptConfig	24	static
../source/lwip_mqtt_freertos.c:170:6:PORTA_IRQHandler	8	static
../source/lwip_mqtt_freertos.c:185:13:init_button_and_led	16	static
../source/lwip_mqtt_freertos.c:219:13:mqtt_topic_subscribed_cb	24	static
../source/lwip_mqtt_freertos.c:236:13:mqtt_incoming_publish_cb	24	static
../source/lwip_mqtt_freertos.c:246:13:mqtt_incoming_data_cb	32	static
../source/lwip_mqtt_freertos.c:276:13:mqtt_subscribe_topics	72	static
../source/lwip_mqtt_freertos.c:298:13:mqtt_connection_cb	32	static
../source/lwip_mqtt_freertos.c:344:13:connect_to_mqtt	24	static
../source/lwip_mqtt_freertos.c:357:13:mqtt_message_published_cb	24	static
../source/lwip_mqtt_freertos.c:375:13:publish_temp	120	static
../source/lwip_mqtt_freertos.c:391:13:publish_alarma_temp	120	static
../source/lwip_mqtt_freertos.c:410:13:publish_liquido	120	static
../source/lwip_mqtt_freertos.c:429:13:publish_energia	120	static
../source/lwip_mqtt_freertos.c:448:13:app_thread	32	static
../source/lwip_mqtt_freertos.c:661:13:generate_client_id	48	static
../source/lwip_mqtt_freertos.c:684:13:stack_init	56	static
../source/lwip_mqtt_freertos.c:737:5:main	24	static
